------------------------------------------------------------
Timing Analyzer Summary
------------------------------------------------------------

Type  : Slow 1100mV 85C Model Setup 'PCLK'
Slack : -5.108
TNS   : -1000.202

Type  : Slow 1100mV 85C Model Setup 'ext_clk_pad_i'
Slack : -2.069
TNS   : -91.310

Type  : Slow 1100mV 85C Model Hold 'PCLK'
Slack : 0.404
TNS   : 0.000

Type  : Slow 1100mV 85C Model Hold 'ext_clk_pad_i'
Slack : 0.670
TNS   : 0.000

Type  : Slow 1100mV 85C Model Minimum Pulse Width 'PCLK'
Slack : -0.724
TNS   : -396.137

Type  : Slow 1100mV 85C Model Minimum Pulse Width 'ext_clk_pad_i'
Slack : -0.724
TNS   : -77.581

Type  : Slow 1100mV 0C Model Setup 'PCLK'
Slack : -5.243
TNS   : -980.366

Type  : Slow 1100mV 0C Model Setup 'ext_clk_pad_i'
Slack : -1.941
TNS   : -83.303

Type  : Slow 1100mV 0C Model Hold 'PCLK'
Slack : 0.390
TNS   : 0.000

Type  : Slow 1100mV 0C Model Hold 'ext_clk_pad_i'
Slack : 0.663
TNS   : 0.000

Type  : Slow 1100mV 0C Model Minimum Pulse Width 'PCLK'
Slack : -0.724
TNS   : -396.023

Type  : Slow 1100mV 0C Model Minimum Pulse Width 'ext_clk_pad_i'
Slack : -0.724
TNS   : -75.088

Type  : Fast 1100mV 85C Model Setup 'PCLK'
Slack : -1.692
TNS   : -302.082

Type  : Fast 1100mV 85C Model Setup 'ext_clk_pad_i'
Slack : -0.234
TNS   : -3.223

Type  : Fast 1100mV 85C Model Hold 'PCLK'
Slack : 0.174
TNS   : 0.000

Type  : Fast 1100mV 85C Model Hold 'ext_clk_pad_i'
Slack : 0.297
TNS   : 0.000

Type  : Fast 1100mV 85C Model Minimum Pulse Width 'PCLK'
Slack : -0.092
TNS   : -30.378

Type  : Fast 1100mV 85C Model Minimum Pulse Width 'ext_clk_pad_i'
Slack : -0.085
TNS   : -4.441

Type  : Fast 1100mV 0C Model Setup 'PCLK'
Slack : -1.492
TNS   : -243.013

Type  : Fast 1100mV 0C Model Setup 'ext_clk_pad_i'
Slack : -0.123
TNS   : -1.095

Type  : Fast 1100mV 0C Model Hold 'PCLK'
Slack : 0.161
TNS   : 0.000

Type  : Fast 1100mV 0C Model Hold 'ext_clk_pad_i'
Slack : 0.251
TNS   : 0.000

Type  : Fast 1100mV 0C Model Minimum Pulse Width 'PCLK'
Slack : -0.091
TNS   : -30.162

Type  : Fast 1100mV 0C Model Minimum Pulse Width 'ext_clk_pad_i'
Slack : -0.087
TNS   : -5.120

------------------------------------------------------------
